<html>
<body>
<pre>
<h1>µVision Build Log</h1>
<h2>Tool Versions:</h2>
IDE-Version: £gVision V5.16a
Copyright (C) 2015 ARM Ltd and ARM Germany GmbH. All rights reserved.
License Information: 1111 111, 111, LIC=0VR8T-RLJGY-66GQS-LT83H-TJ5CJ-0S66W
 
Tool Versions:
Toolchain:       MDK-ARM Professional  Version: 5.16a
Toolchain Path:  C:\Keil_v5\ARM\ARMCC\Bin
C Compiler:      Armcc.exe V5.06 (build 20)
Assembler:       Armasm.exe V5.06 (build 20)
Linker/Locator:  ArmLink.exe V5.06 (build 20)
Library Manager: ArmAr.exe V5.06 (build 20)
Hex Converter:   FromElf.exe V5.06 (build 20)
CPU DLL:         SARMCM3.DLL V5.16a
Dialog DLL:      DCM.DLL V1.13.2.0
Target DLL:      STLink\ST-LINKIII-KEIL_SWO.dll V2.0.17.0
Dialog DLL:      TCM.DLL V1.14.5.0
 
<h2>Project:</h2>
D:\project\STM32\project\STM32F4\Temp\ARM-MDK\first\first.uvprojx
Project File Date:  01/05/2016

<h2>Output:</h2>
*** Using Compiler 'V5.06 (build 20)', folder: 'C:\Keil_v5\ARM\ARMCC\Bin'
Build target 'Target 1'
compiling main.c...
..\..\User\main.h(51): warning:  #1-D: last line of file ends without a newline
  /************************************** (C) COPYRIGHT ??? ***** ???? ****/
..\..\User\debug_swv.h(9): warning:  #1-D: last line of file ends without a newline
  #endif
..\..\User\Delay.h(9): warning:  #1-D: last line of file ends without a newline
  #endif
..\..\User\I2C.h(14): warning:  #1295-D: Deprecated declaration Bo_I2C_Init - give arg types
  void Bo_I2C_Init();
..\..\User\I2C.h(31): warning:  #1-D: last line of file ends without a newline
  #endif
..\..\User\HTU21.h(21): warning:  #1295-D: Deprecated declaration HTU21_read_temp - give arg types
  float HTU21_read_temp();
..\..\User\HTU21.h(23): warning:  #1-D: last line of file ends without a newline
  #endif
..\..\User\HC05.h(38): warning:  #1-D: last line of file ends without a newline
  #endif
..\..\User\RF.h(17): warning:  #1-D: last line of file ends without a newline
  #endif
..\..\User\main.h(51): warning:  #1-D: last line of file ends without a newline
  /************************************** (C) COPYRIGHT ??? ***** ???? ****/
..\..\User\main.c(18): warning:  #177-D: variable "k" was declared but never referenced
  	u8 k[1];
..\..\User\main.c(138): warning:  #1-D: last line of file ends without a newline
  #endif
..\..\User\main.c: 12 warnings, 0 errors
linking...
Program Size: Code=3096 RO-data=424 RW-data=52 ZI-data=1268  
FromELF: creating hex file...
".\Objects\first.axf" - 0 Error(s), 12 Warning(s).

<h2>Collection of Component include folders:</h2>
  D:\project\STM32\project\STM32F4\Temp\ARM-MDK\first\RTE
  C:\Keil_v5\ARM\PACK\Keil\STM32F4xx_DFP\2.5.0\Drivers\CMSIS\Device\ST\STM32F4xx\Include

<h2>Collection of Component Files used:</h2>
Build Time Elapsed:  00:00:02
</pre>
</body>
</html>
